{
  "slices": [
    {
      "pid": 1,
      "start": 2,
      "end": 5
    },
    {
      "pid": 2,
      "start": 6,
      "end": 8
    }
  ],
  "events": [
    {
      "t": 1,
      "type": "L→C",
      "pid": 1
    },
    {
      "t": 1,
      "type": "N→L",
      "pid": 1
    },
    {
      "t": 2,
      "type": "N→L",
      "pid": 2
    },
    {
      "t": 5,
      "type": "L→C"
    },
    {
      "t": 6,
      "type": "C→T",
      "pid": 1
    },
    {
      "t": 8,
      "type": "L→C"
    },
    {
      "t": 9,
      "type": "C→T",
      "pid": 2
    }
  ],
  "overheads": []
}
