{
  "tracks": [
    {
      "pid": "1",
      "segments": [
        {
          "start": 2,
          "end": 5,
          "type": "cpu"
        }
      ]
    },
    {
      "pid": "2",
      "segments": [
        {
          "start": 6,
          "end": 8,
          "type": "cpu"
        }
      ]
    }
  ],
  "tMin": 2,
  "tMax": 8
}
