{
  "porProceso": [
    {
      "pid": 1,
      "arribo": 0,
      "fin": 34,
      "servicioCPU": 5,
      "TRp": 34,
      "TE": 29,
      "TRn": 6.8
    },
    {
      "pid": 2,
      "arribo": 1,
      "fin": 11,
      "servicioCPU": 4,
      "TRp": 10,
      "TE": 6,
      "TRn": 2.5
    }
  ],
  "global": {
    "TRpPromedio": 22,
    "TEPromedio": 17.5,
    "TRnPromedio": 4.65,
    "throughput": 0.058823529411764705,
    "cambiosDeContexto": 5,
    "expropiaciones": 0,
    "tiempoTotalSimulacion": 34
  }
}
