{
  "slices": [
    {
      "pid": 1,
      "start": 2,
      "end": 5
    },
    {
      "pid": 2,
      "start": 6,
      "end": 10
    },
    {
      "pid": 1,
      "start": 31,
      "end": 33
    }
  ],
  "events": [
    {
      "t": 1,
      "type": "L→C",
      "pid": 1
    },
    {
      "t": 1,
      "type": "N→L",
      "pid": 1
    },
    {
      "t": 2,
      "type": "N→L",
      "pid": 2
    },
    {
      "t": 5,
      "type": "C→B",
      "pid": 1
    },
    {
      "t": 5,
      "type": "L→C",
      "pid": 2
    },
    {
      "t": 10,
      "type": "L→C"
    },
    {
      "t": 11,
      "type": "C→T",
      "pid": 2
    },
    {
      "t": 30,
      "type": "B→L",
      "pid": 1
    },
    {
      "t": 30,
      "type": "L→C",
      "pid": 1
    },
    {
      "t": 33,
      "type": "L→C"
    },
    {
      "t": 34,
      "type": "C→T",
      "pid": 1
    }
  ],
  "overheads": []
}
