{
  "tracks": [
    {
      "pid": "1",
      "segments": [
        {
          "start": 2,
          "end": 4,
          "type": "cpu"
        },
        {
          "start": 8,
          "end": 10,
          "type": "cpu"
        },
        {
          "start": 14,
          "end": 15,
          "type": "cpu"
        }
      ]
    },
    {
      "pid": "2",
      "segments": [
        {
          "start": 5,
          "end": 7,
          "type": "cpu"
        },
        {
          "start": 11,
          "end": 13,
          "type": "cpu"
        },
        {
          "start": 16,
          "end": 17,
          "type": "cpu"
        }
      ]
    }
  ],
  "tMin": 2,
  "tMax": 17
}
