{
  "porProceso": [
    {
      "pid": 1,
      "arribo": 0,
      "fin": 16,
      "servicioCPU": 5,
      "TRp": 16,
      "TE": 11,
      "TRn": 3.2
    },
    {
      "pid": 2,
      "arribo": 1,
      "fin": 18,
      "servicioCPU": 5,
      "TRp": 17,
      "TE": 12,
      "TRn": 3.4
    }
  ],
  "global": {
    "TRpPromedio": 16.5,
    "TEPromedio": 11.5,
    "TRnPromedio": 3.3,
    "throughput": 0.1111111111111111,
    "cambiosDeContexto": 6,
    "expropiaciones": 0,
    "tiempoTotalSimulacion": 18
  }
}
