{
  "slices": [
    {
      "pid": 1,
      "start": 2,
      "end": 4
    },
    {
      "pid": 2,
      "start": 5,
      "end": 7
    },
    {
      "pid": 1,
      "start": 8,
      "end": 10
    },
    {
      "pid": 2,
      "start": 11,
      "end": 13
    },
    {
      "pid": 1,
      "start": 14,
      "end": 15
    },
    {
      "pid": 2,
      "start": 16,
      "end": 17
    }
  ],
  "events": [
    {
      "t": 1,
      "type": "L→C",
      "pid": 1
    },
    {
      "t": 1,
      "type": "N→L",
      "pid": 1
    },
    {
      "t": 2,
      "type": "N→L",
      "pid": 2
    },
    {
      "t": 4,
      "type": "C→L",
      "pid": 1
    },
    {
      "t": 4,
      "type": "L→C",
      "pid": 2
    },
    {
      "t": 7,
      "type": "C→L",
      "pid": 2
    },
    {
      "t": 7,
      "type": "L→C",
      "pid": 1
    },
    {
      "t": 8,
      "type": "C→T",
      "pid": 1
    },
    {
      "t": 10,
      "type": "C→L",
      "pid": 1
    },
    {
      "t": 10,
      "type": "L→C",
      "pid": 2
    },
    {
      "t": 11,
      "type": "C→T",
      "pid": 2
    },
    {
      "t": 12,
      "type": "C→T",
      "pid": 1
    },
    {
      "t": 13,
      "type": "C→L",
      "pid": 2
    },
    {
      "t": 13,
      "type": "L→C",
      "pid": 1
    },
    {
      "t": 15,
      "type": "C→T",
      "pid": 2
    },
    {
      "t": 15,
      "type": "L→C",
      "pid": 2
    },
    {
      "t": 16,
      "type": "C→L",
      "pid": 1
    },
    {
      "t": 16,
      "type": "C→T",
      "pid": 1
    },
    {
      "t": 18,
      "type": "C→L",
      "pid": 2
    },
    {
      "t": 18,
      "type": "C→T",
      "pid": 2
    }
  ],
  "overheads": []
}
