{
  "porProceso": [
    {
      "pid": 1,
      "arribo": 0,
      "fin": 9,
      "servicioCPU": 2,
      "TRp": 9,
      "TE": 7,
      "TRn": 4.5
    },
    {
      "pid": 2,
      "arribo": 2,
      "fin": 7,
      "servicioCPU": 2,
      "TRp": 5,
      "TE": 3,
      "TRn": 2.5
    }
  ],
  "global": {
    "TRpPromedio": 7,
    "TEPromedio": 5,
    "TRnPromedio": 3.5,
    "throughput": 0.2222222222222222,
    "cambiosDeContexto": 0,
    "expropiaciones": 0,
    "tiempoTotalSimulacion": 9
  }
}
